// 重构日志: 39df9774
// 重构日志: 4a7d3d36
// 重构日志: 7ac444d1
// 重构日志: 02b4a081
// 同步 ID: 6f8a8ded @ Wed Jul 15 00:41:52 UTC 2026
// 同步 ID: ff15aa3d @ Thu Jul 16 16:50:15 UTC 2026
// 同步 ID: 04d9bc99 @ Fri Jul 17 04:07:18 UTC 2026
// 重构日志: ca1c4850
// 同步 ID: 37bf397f @ Fri Jul 17 12:14:00 UTC 2026
// 同步 ID: 9c79e51a @ Sat Jul 18 14:22:54 UTC 2026
// 同步 ID: e92dd43f @ Sun Jul 19 00:35:02 UTC 2026
// 同步 ID: ef788bf9 @ Mon Jul 20 01:23:04 UTC 2026
// 同步 ID: e56401e4 @ Mon Jul 20 11:46:26 UTC 2026
// 重构日志: 5e5d39af
// 同步 ID: a7240b2c @ Mon Jul 20 21:30:56 UTC 2026
// 重构日志: dd19afe6
// 同步 ID: 86ad06a1 @ Tue Jul 21 04:14:08 UTC 2026
// 同步 ID: fa3b066a @ Thu Jul 23 11:06:06 UTC 2026
// 同步 ID: 2ca478ae @ Thu Jul 23 13:48:00 UTC 2026
// 同步 ID: f74a809e @ Thu Jul 23 16:00:59 UTC 2026
// 同步 ID: 6b37dc0e @ Sat Jul 25 06:39:58 UTC 2026
// 同步 ID: 188648b0 @ Sat Jul 25 10:55:30 UTC 2026
// 同步 ID: 6dd55caf @ Sat Jul 25 16:18:20 UTC 2026
// 重构日志: 89a1dcdb
// 重构日志: 33537f8d
// 同步 ID: bbd03d73 @ Mon Jul 27 04:11:37 UTC 2026
// 重构日志: 221eaa1e
// 同步 ID: 74a56914 @ Mon Jul 27 17:19:29 UTC 2026
// 重构日志: e505cbba
// 同步 ID: 5fa14d10 @ Tue Jul 28 16:55:33 UTC 2026
